// Jest Snapshot v1, https://goo.gl/fbAQLP

exports[`Library Generator: Backend libs/task-manager/backend/.eslintrc.json should match snapshot 1`] = `
"{
  "extends": ["../../../.eslintrc.json"],
  "ignorePatterns": ["!**/*"]

}
"
`;

exports[`Library Generator: Backend libs/task-manager/backend/README.md should match snapshot 1`] = `
"# task-manager-backend

## Building

Run \`nx build task-manager-backend\` to build the library.

## Running tests

Run \`nx test task-manager-backend\` to execute the tests.
"
`;

exports[`Library Generator: Backend libs/task-manager/backend/jest.config.ts should match snapshot 1`] = `
"import createJestConfig from "../../../jest.preset";

const jestConfig = createJestConfig(__dirname);

export default jestConfig"
`;

exports[`Library Generator: Backend libs/task-manager/backend/package.json should match snapshot 1`] = `
"{
  "name": "@testcompany/task-manager-backend",
  "type": "commonjs",
  "private": true,
  "dependencies": {
    "tslib": "2.6.2"
  },
  "main": "./src/index.js",
  "types": "./src/index.d.ts"
}
"
`;

exports[`Library Generator: Backend libs/task-manager/backend/project.json should match snapshot 1`] = `
"{
  "name": "task-manager-backend",
  "$schema": "../../../node_modules/nx/schemas/project-schema.json",
  "projectType": "library",
  "sourceRoot": "{projectRoot}/src",
  "targets": {
    "build": {
      "executor": "@nx/js:tsc",
      "outputs": [
        "{options.outputPath}"
      ],
      "options": {
        "outputPath": "dist/{projectRoot}",
        "main": "{projectRoot}/src/index.ts",
        "tsConfig": "{projectRoot}/tsconfig.build.json"
      }
    },
    "lint": {
      "executor": "@nx/eslint:lint",
      "options": {
        "lintFilePatterns": [
          "{projectRoot}/**/*.ts",
          "{projectRoot}/package.json"
        ]
      }
    },
    "lint-fix": {
      "executor": "@nx/eslint:lint",
      "options": {
        "lintFilePatterns": [
          "{projectRoot}/**/*.ts",
          "{projectRoot}/package.json"
        ],
        "fix": true
      }
    },
    "test": {
      "executor": "@nx/jest:jest",
      "defaultConfiguration": "test",
      "options": {
        "jestConfig": "{projectRoot}/jest.config.ts",
        "runInBand": true,
        "passWithNoTests": true
      }
    },
    "test-watch": {
      "executor": "@nx/jest:jest",
      "defaultConfiguration": "test",
      "options": {
        "jestConfig": "{projectRoot}/jest.config.ts",
        "runInBand": true,
        "passWithNoTests": true,
        "watch": true
      }
    }
  }
}
"
`;

exports[`Library Generator: Backend libs/task-manager/backend/tsconfig.build.json should match snapshot 1`] = `
"{
  "extends": "./tsconfig.json",
  "compilerOptions": {
    "outDir": "../../../dist/out-tsc",
    "declaration": true
  },
  "include": ["src/**/*.ts"],
  "exclude": ["test/**/*"]
}
"
`;

exports[`Library Generator: Backend libs/task-manager/backend/tsconfig.json should match snapshot 1`] = `
"{
  "extends": "../../../tsconfig.base.json",
  "compilerOptions": {
    "paths": {
      "@testcompany/task-manager-backend": [
        "libs/task-manager/backend/src/index.ts"
      ],
      "@": [
        "libs/task-manager/backend/src"
      ],
      "@/*": [
        "libs/task-manager/backend/src/*"
      ],
      "@test/*": [
        "libs/task-manager/backend/test/helper/*"
      ]
    }
  },
  "files": [],
  "include": [],
  "references": [
    {
      "path": "./tsconfig.test.json"
    },
    {
      "path": "./tsconfig.build.json"
    }
  ]
}"
`;

exports[`Library Generator: Backend libs/task-manager/backend/tsconfig.test.json should match snapshot 1`] = `
"{
  "extends": "./tsconfig.json",
  "compilerOptions": {
    "outDir": "../../../dist/out-tsc",
    "types": ["jest", "node"]
  },

  "files": [
    "../../../node_modules/jest-expect-message/types/index.d.ts",
    "../../../node_modules/@hexancore/common/lib/cjs/Test/Matchers.d.ts"
  ],
  "include": [
    "src/**/*.ts",
    "test/**/*.test.ts"
  ]
}
"
`;

exports[`Library Generator: Backend nx.json should match snapshot 1`] = `"{"affected":{"defaultBase":"main"},"targetDefaults":{"build":{"cache":true},"lint":{"cache":true}}}"`;

exports[`Library Generator: Backend package.json should match snapshot 1`] = `
"{
  "name": "@testcompany/source"
}
"
`;

exports[`Library Generator: Backend tsconfig.base.json should match snapshot 1`] = `
"{
  "compilerOptions": {
    "paths": {
      "@testcompany/task-manager-backend": [
        "libs/task-manager/backend/src/index.ts"
      ]
    }
  }
}
"
`;
