// Jest Snapshot v1, https://goo.gl/fbAQLP

exports[`Library Generator: Shared libs/task-manager/shared/.eslintrc.json should match snapshot 1`] = `
"{
  "extends": ["../../../.eslintrc.json"],
  "ignorePatterns": ["!**/*"]

}
"
`;

exports[`Library Generator: Shared libs/task-manager/shared/README.md should match snapshot 1`] = `
"# task-manager-shared

"
`;

exports[`Library Generator: Shared libs/task-manager/shared/jest.config.ts should match snapshot 1`] = `
"import { defineProjectJestConfig } from "../../../.workspace/jest/jest.preset";

const project = {
  workspaceRootRelative: '../../..',
  root: 'libs/task-manager/shared',
  name: 'task-manager-shared'
};

export default defineProjectJestConfig(__dirname, project);"
`;

exports[`Library Generator: Shared libs/task-manager/shared/package.json should match snapshot 1`] = `
"{
  "name": "@testcompany/task-manager-shared",
  "type": "commonjs",
  "private": true,
  "dependencies": {
    "tslib": "2.6.2"
  },
  "main": "./src/index.js",
  "types": "./src/index.d.ts"
}
"
`;

exports[`Library Generator: Shared libs/task-manager/shared/project.json should match snapshot 1`] = `
"{
  "name": "task-manager-shared",
  "$schema": "../../../node_modules/nx/schemas/project-schema.json",
  "projectType": "library",
  "sourceRoot": "libs/task-manager/shared/src",
  "targets": {
    "lint": {
      "executor": "@nx/eslint:lint"
    },
    "test": {
      "executor": "@nx/jest:jest"
    },
    "build": {
      "executor": "@nx/js:tsc",
      "options": {
        "main": "{projectRoot}/src/index.ts"
      }
    }
  }
}
"
`;

exports[`Library Generator: Shared libs/task-manager/shared/tsconfig.build.json should match snapshot 1`] = `
"{
  "extends": "./tsconfig.json",
  "compilerOptions": {
    "outDir": "../../../dist/out-tsc",
    "declaration": true
  },
  "include": ["src/**/*.ts"],
  "exclude": ["test/**/*"]
}
"
`;

exports[`Library Generator: Shared libs/task-manager/shared/tsconfig.json should match snapshot 1`] = `
"{
  "extends": "../../../tsconfig.base.json",
  "compilerOptions": {
    "paths": {
      "@testcompany/task-manager-shared": [
        "libs/task-manager/shared/src/index.ts"
      ],
      "@": [
        "libs/task-manager/shared/src"
      ],
      "@/*": [
        "libs/task-manager/shared/src/*"
      ],
      "@test/*": [
        "libs/task-manager/shared/test/helper/*"
      ]
    }
  },
  "files": [],
  "include": [],
  "references": [
    {
      "path": "./tsconfig.test.json"
    },
    {
      "path": "./tsconfig.build.json"
    }
  ]
}"
`;

exports[`Library Generator: Shared libs/task-manager/shared/tsconfig.test.json should match snapshot 1`] = `
"{
  "extends": "./tsconfig.json",
  "compilerOptions": {
    "outDir": "../../../dist/out-tsc",
    "types": ["jest", "node"]
  },

  "files": [
    "../../../node_modules/jest-expect-message/types/index.d.ts",
    "../../../node_modules/@hexancore/common/lib/cjs/Test/Matchers.d.ts"
  ],
  "include": [
    "src/**/*.ts",
    "test/**/*.test.ts"
  ]
}
"
`;

exports[`Library Generator: Shared nx.json should match snapshot 1`] = `"{"affected":{"defaultBase":"main"},"targetDefaults":{"build":{"cache":true},"lint":{"cache":true}}}"`;

exports[`Library Generator: Shared package.json should match snapshot 1`] = `
"{
  "name": "@testcompany/source"
}
"
`;

exports[`Library Generator: Shared tsconfig.base.json should match snapshot 1`] = `
"{
  "compilerOptions": {
    "paths": {
      "@testcompany/task-manager-shared": [
        "libs/task-manager/shared/src/index.ts"
      ]
    }
  }
}
"
`;
