// Jest Snapshot v1, https://goo.gl/fbAQLP

exports[`Application Generator: Backend .prettierrc should match snapshot 1`] = `"{"singleQuote":true}"`;

exports[`Application Generator: Backend apps/acme/backend/.eslintrc.json should match snapshot 1`] = `
"{
  "extends": ["../../../.eslintrc.json"],
  "ignorePatterns": ["!**/*"]

}
"
`;

exports[`Application Generator: Backend apps/acme/backend/README.md should match snapshot 1`] = `
"# app-acme-backend

"
`;

exports[`Application Generator: Backend apps/acme/backend/jest.config.ts should match snapshot 1`] = `
"import { defineProjectJestConfig } from "../../../.workspace/jest/jest.preset";

const project = {
  workspaceRootRelative: '../../..',
  root: 'apps/acme/backend',
  name: 'app-acme-backend'
};

export default defineProjectJestConfig(__dirname, project);"
`;

exports[`Application Generator: Backend apps/acme/backend/package.json should match snapshot 1`] = `
"{
  "name": "@testcompany/app-acme-backend",
  "type": "commonjs",
  "private": true,
  "dependencies": {
    "tslib": "2.6.2"
  },
  "main": "./src/main.js"
}
"
`;

exports[`Application Generator: Backend apps/acme/backend/project.json should match snapshot 1`] = `
"{
  "name": "app-acme-backend",
  "$schema": "../../../node_modules/nx/schemas/project-schema.json",
  "projectType": "application",
  "sourceRoot": "apps/acme/backend/src",
  "targets": {
    "lint": {
      "executor": "@nx/eslint:lint"
    },
    "test": {
      "executor": "@nx/jest:jest"
    },
    "build": {
      "executor": "@nx/js:tsc",
      "options": {
        "main": "{projectRoot}/src/main.ts"
      }
    },
    "serve": {
      "executor": "@nx/js:node",
      "defaultConfiguration": "development",
      "options": {
        "runtimeArgs": [],
        "buildTarget": "build",
        "port": 19002
      }
    }
  }
}
"
`;

exports[`Application Generator: Backend apps/acme/backend/src/main.ts should match snapshot 1`] = `
"console.log("Started");
"
`;

exports[`Application Generator: Backend apps/acme/backend/tsconfig.build.json should match snapshot 1`] = `
"{
  "extends": "./tsconfig.json",
  "compilerOptions": {
    "outDir": "../../../dist/out-tsc",
    "declaration": true
  },
  "include": ["src/**/*.ts"],
  "exclude": ["test/**/*"]
}
"
`;

exports[`Application Generator: Backend apps/acme/backend/tsconfig.json should match snapshot 1`] = `
"{
  "extends": "../../../tsconfig.base.json",
  "compilerOptions": {
    "paths": {
      "@": [
        "apps/acme/backend/src"
      ],
      "@/*": [
        "apps/acme/backend/src/*"
      ],
      "@test/*": [
        "apps/acme/backend/test/helper/*"
      ]
    }
  },
  "files": [],
  "include": [],
  "references": [
    {
      "path": "./tsconfig.test.json"
    },
    {
      "path": "./tsconfig.build.json"
    }
  ]
}"
`;

exports[`Application Generator: Backend apps/acme/backend/tsconfig.test.json should match snapshot 1`] = `
"{
  "extends": "./tsconfig.json",
  "compilerOptions": {
    "outDir": "../../../dist/out-tsc",
    "types": ["jest", "node"]
  },

  "files": [
    "../../../node_modules/jest-expect-message/types/index.d.ts",
    "../../../node_modules/@hexancore/common/lib/cjs/Test/Matchers.d.ts"
  ],
  "include": [
    "src/**/*.ts",
    "test/**/*.test.ts"
  ]
}
"
`;

exports[`Application Generator: Backend nx.json should match snapshot 1`] = `"{"affected":{"defaultBase":"main"},"targetDefaults":{"build":{"cache":true},"lint":{"cache":true}}}"`;

exports[`Application Generator: Backend package.json should match snapshot 1`] = `
"{
  "name": "@testcompany/source"
}
"
`;

exports[`Application Generator: Backend tsconfig.base.json should match snapshot 1`] = `"{"compilerOptions":{"paths":{}}}"`;
